{"timestamp":"2025-07-28T14:59:17.849969","level":"info","event":"DAG bundles loaded: dags-folder, example_dags","logger":"airflow.dag_processing.bundles.manager.DagBundlesManager"}
{"timestamp":"2025-07-28T14:59:17.850662","level":"info","event":"Filling up the DagBag from /opt/airflow/dags/fraud_pipeline_dag.py","logger":"airflow.models.dagbag.DagBag"}
{"timestamp":"2025-07-28T14:59:17.890567","level":"warning","event":"/home/airflow/.local/lib/python3.12/site-packages/airflow/models/baseoperator.py:293: UserWarning: The SLA feature is removed in Airflow 3.0, to be replaced with a new implementation in >=3.1\n  super().__init__(**kwargs)\n","logger":"py.warnings"}
{"timestamp":"2025-07-28T14:59:17.931642Z","level":"info","event":"Task instance is in running state","chan":"stdout","logger":"task"}
{"timestamp":"2025-07-28T14:59:17.932199Z","level":"info","event":" Previous state of the Task instance: TaskInstanceState.QUEUED","chan":"stdout","logger":"task"}
{"timestamp":"2025-07-28T14:59:17.932709Z","level":"info","event":"Current task name:pull_data","chan":"stdout","logger":"task"}
{"timestamp":"2025-07-28T14:59:17.933137Z","level":"info","event":"Dag name:fraud_detection_pipeline","chan":"stdout","logger":"task"}
{"timestamp":"2025-07-28T14:59:17.934066","level":"info","event":"Starting DVC pull task...","logger":"airflow.utils.log.logging_mixin.LoggingMixin"}
{"timestamp":"2025-07-28T14:59:17.938028","level":"info","event":"Current working directory: /opt/airflow","logger":"airflow.utils.log.logging_mixin.LoggingMixin"}
{"timestamp":"2025-07-28T14:59:18.439909","level":"info","event":"DVC version: 3.61.0","logger":"airflow.utils.log.logging_mixin.LoggingMixin"}
{"timestamp":"2025-07-28T14:59:18.440940","level":"info","event":"Changing to directory: /mnt/project/4-Data","logger":"airflow.utils.log.logging_mixin.LoggingMixin"}
{"timestamp":"2025-07-28T14:59:21.246267","level":"info","event":"DVC pull successful: M       5-MLFlow_Training/model.joblib\nM       4-Data/dataset.csv\n2 files modified\n","logger":"airflow.utils.log.logging_mixin.LoggingMixin"}
{"timestamp":"2025-07-28T14:59:21.246509","level":"info","event":"Done. Returned value was: Data pulled successfully","logger":"airflow.task.operators.airflow.providers.standard.decorators.python._PythonDecoratedOperator"}
{"timestamp":"2025-07-28T14:59:21.247035","level":"info","event":"Pushing xcom","ti":"RuntimeTaskInstance(id=UUID('01985186-f754-7b59-ab4b-f2450618770a'), task_id='pull_data', dag_id='fraud_detection_pipeline', run_id='scheduled__2025-07-28T00:00:00+00:00', try_number=2, map_index=-1, hostname='a9abe6f63f19', context_carrier={}, task=<Task(_PythonDecoratedOperator): pull_data>, bundle_instance=LocalDagBundle(name=dags-folder), max_tries=1, start_date=datetime.datetime(2025, 7, 28, 14, 59, 17, 171355, tzinfo=datetime.timezone.utc), end_date=None, state=<TaskInstanceState.RUNNING: 'running'>, is_mapped=False, rendered_map_index=None, log_url='http://localhost:8080/dags/fraud_detection_pipeline/runs/scheduled__2025-07-28T00%3A00%3A00%2B00%3A00/tasks/pull_data?try_number=2')","logger":"task"}
{"timestamp":"2025-07-28T14:59:30.187803Z","level":"info","event":"Task instance in success state","chan":"stdout","logger":"task"}
{"timestamp":"2025-07-28T14:59:30.188416Z","level":"info","event":" Previous state of the Task instance: TaskInstanceState.RUNNING","chan":"stdout","logger":"task"}
{"timestamp":"2025-07-28T14:59:30.188874Z","level":"info","event":"Task operator:<Task(_PythonDecoratedOperator): pull_data>","chan":"stdout","logger":"task"}
{"timestamp":"2025-07-28T16:27:32.369428","level":"info","event":"DAG bundles loaded: dags-folder, example_dags","logger":"airflow.dag_processing.bundles.manager.DagBundlesManager"}
{"timestamp":"2025-07-28T16:27:32.370386","level":"info","event":"Filling up the DagBag from /opt/airflow/dags/fraud_pipeline_dag.py","logger":"airflow.models.dagbag.DagBag"}
{"timestamp":"2025-07-28T16:27:32.411351","level":"warning","event":"/home/airflow/.local/lib/python3.12/site-packages/airflow/models/baseoperator.py:293: UserWarning: The SLA feature is removed in Airflow 3.0, to be replaced with a new implementation in >=3.1\n  super().__init__(**kwargs)\n","logger":"py.warnings"}
{"timestamp":"2025-07-28T16:27:32.785611Z","level":"info","event":"Task instance is in running state","chan":"stdout","logger":"task"}
{"timestamp":"2025-07-28T16:27:32.786315Z","level":"info","event":" Previous state of the Task instance: TaskInstanceState.QUEUED","chan":"stdout","logger":"task"}
{"timestamp":"2025-07-28T16:27:32.786915Z","level":"info","event":"Current task name:pull_data","chan":"stdout","logger":"task"}
{"timestamp":"2025-07-28T16:27:32.787337Z","level":"info","event":"Dag name:fraud_detection_pipeline","chan":"stdout","logger":"task"}
{"timestamp":"2025-07-28T16:27:32.787932","level":"info","event":"Starting DVC pull task...","logger":"airflow.utils.log.logging_mixin.LoggingMixin"}
{"timestamp":"2025-07-28T16:27:32.793423","level":"info","event":"Current working directory: /opt/airflow","logger":"airflow.utils.log.logging_mixin.LoggingMixin"}
{"timestamp":"2025-07-28T16:27:33.435762","level":"info","event":"DVC version: 3.61.0","logger":"airflow.utils.log.logging_mixin.LoggingMixin"}
{"timestamp":"2025-07-28T16:27:33.436596","level":"info","event":"Changing to directory: /mnt/project/4-Data","logger":"airflow.utils.log.logging_mixin.LoggingMixin"}
{"timestamp":"2025-07-28T16:27:36.984760","level":"info","event":"DVC pull successful: M       5-MLFlow_Training/model.joblib\nM       4-Data/dataset.csv\n2 files modified\n","logger":"airflow.utils.log.logging_mixin.LoggingMixin"}
{"timestamp":"2025-07-28T16:27:36.985094","level":"info","event":"Done. Returned value was: Data pulled successfully","logger":"airflow.task.operators.airflow.providers.standard.decorators.python._PythonDecoratedOperator"}
{"timestamp":"2025-07-28T16:27:36.986017","level":"info","event":"Pushing xcom","ti":"RuntimeTaskInstance(id=UUID('019851d7-b892-7c1c-8afd-16f2b834f803'), task_id='pull_data', dag_id='fraud_detection_pipeline', run_id='scheduled__2025-07-28T00:00:00+00:00', try_number=2, map_index=-1, hostname='9de5eaad59f7', context_carrier={}, task=<Task(_PythonDecoratedOperator): pull_data>, bundle_instance=LocalDagBundle(name=dags-folder), max_tries=1, start_date=datetime.datetime(2025, 7, 28, 16, 27, 29, 288759, tzinfo=datetime.timezone.utc), end_date=None, state=<TaskInstanceState.RUNNING: 'running'>, is_mapped=False, rendered_map_index=None, log_url='http://localhost:8080/dags/fraud_detection_pipeline/runs/scheduled__2025-07-28T00%3A00%3A00%2B00%3A00/tasks/pull_data?try_number=2')","logger":"task"}
{"timestamp":"2025-07-28T16:27:37.064702Z","level":"info","event":"Task instance in success state","chan":"stdout","logger":"task"}
{"timestamp":"2025-07-28T16:27:37.065443Z","level":"info","event":" Previous state of the Task instance: TaskInstanceState.RUNNING","chan":"stdout","logger":"task"}
{"timestamp":"2025-07-28T16:27:37.066580Z","level":"info","event":"Task operator:<Task(_PythonDecoratedOperator): pull_data>","chan":"stdout","logger":"task"}
