{"timestamp":"2025-07-28T14:45:03.215512","level":"info","event":"DAG bundles loaded: dags-folder, example_dags","logger":"airflow.dag_processing.bundles.manager.DagBundlesManager"}
{"timestamp":"2025-07-28T14:45:03.237012","level":"info","event":"Filling up the DagBag from /opt/airflow/dags/fraud_pipeline_dag.py","logger":"airflow.models.dagbag.DagBag"}
{"timestamp":"2025-07-28T14:45:03.381228","level":"warning","event":"/home/airflow/.local/lib/python3.12/site-packages/airflow/models/baseoperator.py:293: UserWarning: The SLA feature is removed in Airflow 3.0, to be replaced with a new implementation in >=3.1\n  super().__init__(**kwargs)\n","logger":"py.warnings"}
{"timestamp":"2025-07-28T14:45:03.518292Z","level":"info","event":"Task instance is in running state","chan":"stdout","logger":"task"}
{"timestamp":"2025-07-28T14:45:03.518910Z","level":"info","event":" Previous state of the Task instance: TaskInstanceState.QUEUED","chan":"stdout","logger":"task"}
{"timestamp":"2025-07-28T14:45:03.519384Z","level":"info","event":"Current task name:pull_data","chan":"stdout","logger":"task"}
{"timestamp":"2025-07-28T14:45:03.519721Z","level":"info","event":"Dag name:fraud_detection_pipeline","chan":"stdout","logger":"task"}
{"timestamp":"2025-07-28T14:45:03.521351","level":"info","event":"Starting DVC pull task...","logger":"airflow.utils.log.logging_mixin.LoggingMixin"}
{"timestamp":"2025-07-28T14:45:03.527123","level":"info","event":"Current working directory: /opt/airflow","logger":"airflow.utils.log.logging_mixin.LoggingMixin"}
{"timestamp":"2025-07-28T14:45:04.250190","level":"info","event":"DVC version: 3.61.0","logger":"airflow.utils.log.logging_mixin.LoggingMixin"}
{"timestamp":"2025-07-28T14:45:04.250406","level":"error","event":"Target directory does not exist: /mnt/project/4-Data","logger":"airflow.utils.log.logging_mixin.LoggingMixin"}
{"timestamp":"2025-07-28T14:45:04.250672","level":"error","event":"Task failed with exception","logger":"task","error_detail":[{"exc_type":"FileNotFoundError","exc_value":"Directory /mnt/project/4-Data not found","exc_notes":[],"syntax_error":null,"is_cause":false,"frames":[{"filename":"/home/airflow/.local/lib/python3.12/site-packages/airflow/sdk/execution_time/task_runner.py","lineno":877,"name":"run"},{"filename":"/home/airflow/.local/lib/python3.12/site-packages/airflow/sdk/execution_time/task_runner.py","lineno":1159,"name":"_execute_task"},{"filename":"/home/airflow/.local/lib/python3.12/site-packages/airflow/sdk/bases/operator.py","lineno":397,"name":"wrapper"},{"filename":"/home/airflow/.local/lib/python3.12/site-packages/airflow/sdk/bases/decorator.py","lineno":251,"name":"execute"},{"filename":"/home/airflow/.local/lib/python3.12/site-packages/airflow/sdk/bases/operator.py","lineno":397,"name":"wrapper"},{"filename":"/home/airflow/.local/lib/python3.12/site-packages/airflow/providers/standard/operators/python.py","lineno":217,"name":"execute"},{"filename":"/home/airflow/.local/lib/python3.12/site-packages/airflow/providers/standard/operators/python.py","lineno":240,"name":"execute_callable"},{"filename":"/home/airflow/.local/lib/python3.12/site-packages/airflow/sdk/execution_time/callback_runner.py","lineno":81,"name":"run"},{"filename":"/opt/airflow/dags/fraud_pipeline_dag.py","lineno":28,"name":"pull_data"}],"is_group":false,"exceptions":[]}]}
{"timestamp":"2025-07-28T14:45:05.618585Z","level":"info","event":"Task instance in failure state","chan":"stdout","logger":"task"}
{"timestamp":"2025-07-28T14:45:05.631081Z","level":"info","event":"Task start","chan":"stdout","logger":"task"}
{"timestamp":"2025-07-28T14:45:05.634100Z","level":"info","event":"Task:<Task(_PythonDecoratedOperator): pull_data>","chan":"stdout","logger":"task"}
{"timestamp":"2025-07-28T14:45:05.636971Z","level":"info","event":"Failure caused by Directory /mnt/project/4-Data not found","chan":"stdout","logger":"task"}
{"timestamp":"2025-07-28T14:54:02.902752","level":"info","event":"DAG bundles loaded: dags-folder, example_dags","logger":"airflow.dag_processing.bundles.manager.DagBundlesManager"}
{"timestamp":"2025-07-28T14:54:02.938615","level":"info","event":"Filling up the DagBag from /opt/airflow/dags/fraud_pipeline_dag.py","logger":"airflow.models.dagbag.DagBag"}
{"timestamp":"2025-07-28T14:54:03.026283","level":"warning","event":"/home/airflow/.local/lib/python3.12/site-packages/airflow/models/baseoperator.py:293: UserWarning: The SLA feature is removed in Airflow 3.0, to be replaced with a new implementation in >=3.1\n  super().__init__(**kwargs)\n","logger":"py.warnings"}
{"timestamp":"2025-07-28T14:54:05.253824Z","level":"info","event":"Task instance is in running state","chan":"stdout","logger":"task"}
{"timestamp":"2025-07-28T14:54:05.254665Z","level":"info","event":" Previous state of the Task instance: TaskInstanceState.QUEUED","chan":"stdout","logger":"task"}
{"timestamp":"2025-07-28T14:54:05.255393Z","level":"info","event":"Current task name:pull_data","chan":"stdout","logger":"task"}
{"timestamp":"2025-07-28T14:54:05.255870Z","level":"info","event":"Dag name:fraud_detection_pipeline","chan":"stdout","logger":"task"}
{"timestamp":"2025-07-28T14:54:05.258104","level":"info","event":"Starting DVC pull task...","logger":"airflow.utils.log.logging_mixin.LoggingMixin"}
{"timestamp":"2025-07-28T14:54:05.286292","level":"info","event":"Current working directory: /opt/airflow","logger":"airflow.utils.log.logging_mixin.LoggingMixin"}
{"timestamp":"2025-07-28T14:54:06.978988","level":"info","event":"DVC version: 3.61.0","logger":"airflow.utils.log.logging_mixin.LoggingMixin"}
{"timestamp":"2025-07-28T14:54:06.983397","level":"info","event":"Changing to directory: /mnt/project/4-Data","logger":"airflow.utils.log.logging_mixin.LoggingMixin"}
{"timestamp":"2025-07-28T14:54:16.351650","level":"error","event":"DVC pull failed with return code 1","logger":"airflow.utils.log.logging_mixin.LoggingMixin"}
{"timestamp":"2025-07-28T14:54:16.351788","level":"error","event":"stdout: ","logger":"airflow.utils.log.logging_mixin.LoggingMixin"}
{"timestamp":"2025-07-28T14:54:16.351853","level":"error","event":"stderr: ERROR: failed to pull data from the cloud - Unable to acquire lock. Most likely another DVC process is running or was terminated abruptly. Check the page <https://dvc.org/doc/user-guide/troubleshooting#lock-issue> for other possible reasons and to learn how to resolve this.\n","logger":"airflow.utils.log.logging_mixin.LoggingMixin"}
{"timestamp":"2025-07-28T14:54:16.352044","level":"error","event":"Task failed with exception","logger":"task","error_detail":[{"exc_type":"CalledProcessError","exc_value":"Command '['dvc', 'pull']' returned non-zero exit status 1.","exc_notes":[],"syntax_error":null,"is_cause":false,"frames":[{"filename":"/home/airflow/.local/lib/python3.12/site-packages/airflow/sdk/execution_time/task_runner.py","lineno":877,"name":"run"},{"filename":"/home/airflow/.local/lib/python3.12/site-packages/airflow/sdk/execution_time/task_runner.py","lineno":1159,"name":"_execute_task"},{"filename":"/home/airflow/.local/lib/python3.12/site-packages/airflow/sdk/bases/operator.py","lineno":397,"name":"wrapper"},{"filename":"/home/airflow/.local/lib/python3.12/site-packages/airflow/sdk/bases/decorator.py","lineno":251,"name":"execute"},{"filename":"/home/airflow/.local/lib/python3.12/site-packages/airflow/sdk/bases/operator.py","lineno":397,"name":"wrapper"},{"filename":"/home/airflow/.local/lib/python3.12/site-packages/airflow/providers/standard/operators/python.py","lineno":217,"name":"execute"},{"filename":"/home/airflow/.local/lib/python3.12/site-packages/airflow/providers/standard/operators/python.py","lineno":240,"name":"execute_callable"},{"filename":"/home/airflow/.local/lib/python3.12/site-packages/airflow/sdk/execution_time/callback_runner.py","lineno":81,"name":"run"},{"filename":"/opt/airflow/dags/fraud_pipeline_dag.py","lineno":33,"name":"pull_data"},{"filename":"/usr/local/lib/python3.12/subprocess.py","lineno":571,"name":"run"}],"is_group":false,"exceptions":[]}]}
{"timestamp":"2025-07-28T14:54:16.443488Z","level":"info","event":"Task instance in failure state","chan":"stdout","logger":"task"}
{"timestamp":"2025-07-28T14:54:16.443883Z","level":"info","event":"Task start","chan":"stdout","logger":"task"}
{"timestamp":"2025-07-28T14:54:16.444426Z","level":"info","event":"Task:<Task(_PythonDecoratedOperator): pull_data>","chan":"stdout","logger":"task"}
{"timestamp":"2025-07-28T14:54:16.444747Z","level":"info","event":"Failure caused by Command '['dvc', 'pull']' returned non-zero exit status 1.","chan":"stdout","logger":"task"}
{"timestamp":"2025-07-28T16:22:17.325767","level":"info","event":"DAG bundles loaded: dags-folder, example_dags","logger":"airflow.dag_processing.bundles.manager.DagBundlesManager"}
{"timestamp":"2025-07-28T16:22:17.341278","level":"info","event":"Filling up the DagBag from /opt/airflow/dags/fraud_pipeline_dag.py","logger":"airflow.models.dagbag.DagBag"}
{"timestamp":"2025-07-28T16:22:17.415125","level":"warning","event":"/home/airflow/.local/lib/python3.12/site-packages/airflow/models/baseoperator.py:293: UserWarning: The SLA feature is removed in Airflow 3.0, to be replaced with a new implementation in >=3.1\n  super().__init__(**kwargs)\n","logger":"py.warnings"}
{"timestamp":"2025-07-28T16:22:18.197158Z","level":"info","event":"Task instance is in running state","chan":"stdout","logger":"task"}
{"timestamp":"2025-07-28T16:22:18.197823Z","level":"info","event":" Previous state of the Task instance: TaskInstanceState.QUEUED","chan":"stdout","logger":"task"}
{"timestamp":"2025-07-28T16:22:18.198679Z","level":"info","event":"Current task name:pull_data","chan":"stdout","logger":"task"}
{"timestamp":"2025-07-28T16:22:18.199082Z","level":"info","event":"Dag name:fraud_detection_pipeline","chan":"stdout","logger":"task"}
{"timestamp":"2025-07-28T16:22:18.206775","level":"info","event":"Starting DVC pull task...","logger":"airflow.utils.log.logging_mixin.LoggingMixin"}
{"timestamp":"2025-07-28T16:22:18.228424","level":"info","event":"Current working directory: /opt/airflow","logger":"airflow.utils.log.logging_mixin.LoggingMixin"}
{"timestamp":"2025-07-28T16:22:19.723725","level":"info","event":"DVC version: 3.61.0","logger":"airflow.utils.log.logging_mixin.LoggingMixin"}
{"timestamp":"2025-07-28T16:22:19.728288","level":"info","event":"Changing to directory: /mnt/project/4-Data","logger":"airflow.utils.log.logging_mixin.LoggingMixin"}
{"timestamp":"2025-07-28T16:22:28.644019","level":"error","event":"DVC pull failed with return code 1","logger":"airflow.utils.log.logging_mixin.LoggingMixin"}
{"timestamp":"2025-07-28T16:22:28.644156","level":"error","event":"stdout: ","logger":"airflow.utils.log.logging_mixin.LoggingMixin"}
{"timestamp":"2025-07-28T16:22:28.644214","level":"error","event":"stderr: ERROR: failed to pull data from the cloud - Unable to acquire lock. Most likely another DVC process is running or was terminated abruptly. Check the page <https://dvc.org/doc/user-guide/troubleshooting#lock-issue> for other possible reasons and to learn how to resolve this.\n","logger":"airflow.utils.log.logging_mixin.LoggingMixin"}
{"timestamp":"2025-07-28T16:22:28.644684","level":"error","event":"Task failed with exception","logger":"task","error_detail":[{"exc_type":"CalledProcessError","exc_value":"Command '['dvc', 'pull']' returned non-zero exit status 1.","exc_notes":[],"syntax_error":null,"is_cause":false,"frames":[{"filename":"/home/airflow/.local/lib/python3.12/site-packages/airflow/sdk/execution_time/task_runner.py","lineno":877,"name":"run"},{"filename":"/home/airflow/.local/lib/python3.12/site-packages/airflow/sdk/execution_time/task_runner.py","lineno":1159,"name":"_execute_task"},{"filename":"/home/airflow/.local/lib/python3.12/site-packages/airflow/sdk/bases/operator.py","lineno":397,"name":"wrapper"},{"filename":"/home/airflow/.local/lib/python3.12/site-packages/airflow/sdk/bases/decorator.py","lineno":251,"name":"execute"},{"filename":"/home/airflow/.local/lib/python3.12/site-packages/airflow/sdk/bases/operator.py","lineno":397,"name":"wrapper"},{"filename":"/home/airflow/.local/lib/python3.12/site-packages/airflow/providers/standard/operators/python.py","lineno":217,"name":"execute"},{"filename":"/home/airflow/.local/lib/python3.12/site-packages/airflow/providers/standard/operators/python.py","lineno":240,"name":"execute_callable"},{"filename":"/home/airflow/.local/lib/python3.12/site-packages/airflow/sdk/execution_time/callback_runner.py","lineno":81,"name":"run"},{"filename":"/opt/airflow/dags/fraud_pipeline_dag.py","lineno":33,"name":"pull_data"},{"filename":"/usr/local/lib/python3.12/subprocess.py","lineno":571,"name":"run"}],"is_group":false,"exceptions":[]}]}
{"timestamp":"2025-07-28T16:22:28.849812Z","level":"info","event":"Task instance in failure state","chan":"stdout","logger":"task"}
{"timestamp":"2025-07-28T16:22:28.850530Z","level":"info","event":"Task start","chan":"stdout","logger":"task"}
{"timestamp":"2025-07-28T16:22:28.850958Z","level":"info","event":"Task:<Task(_PythonDecoratedOperator): pull_data>","chan":"stdout","logger":"task"}
{"timestamp":"2025-07-28T16:22:28.851605Z","level":"info","event":"Failure caused by Command '['dvc', 'pull']' returned non-zero exit status 1.","chan":"stdout","logger":"task"}
{"timestamp":"2025-07-28T16:45:13.069057","level":"info","event":"DAG bundles loaded: dags-folder, example_dags","logger":"airflow.dag_processing.bundles.manager.DagBundlesManager"}
{"timestamp":"2025-07-28T16:45:13.073929","level":"info","event":"Filling up the DagBag from /opt/airflow/dags/fraud_pipeline_dag.py","logger":"airflow.models.dagbag.DagBag"}
{"timestamp":"2025-07-28T16:45:13.274268","level":"warning","event":"/home/airflow/.local/lib/python3.12/site-packages/airflow/models/baseoperator.py:293: UserWarning: The SLA feature is removed in Airflow 3.0, to be replaced with a new implementation in >=3.1\n  super().__init__(**kwargs)\n","logger":"py.warnings"}
{"timestamp":"2025-07-28T16:45:14.746599Z","level":"info","event":"Task instance is in running state","chan":"stdout","logger":"task"}
{"timestamp":"2025-07-28T16:45:14.747774Z","level":"info","event":" Previous state of the Task instance: TaskInstanceState.QUEUED","chan":"stdout","logger":"task"}
{"timestamp":"2025-07-28T16:45:14.748105Z","level":"info","event":"Current task name:pull_data","chan":"stdout","logger":"task"}
{"timestamp":"2025-07-28T16:45:14.751701Z","level":"info","event":"Dag name:fraud_detection_pipeline","chan":"stdout","logger":"task"}
{"timestamp":"2025-07-28T16:45:14.747101","level":"info","event":"Starting DVC pull task...","logger":"airflow.utils.log.logging_mixin.LoggingMixin"}
{"timestamp":"2025-07-28T16:45:14.758622","level":"info","event":"Current working directory: /opt/airflow","logger":"airflow.utils.log.logging_mixin.LoggingMixin"}
{"timestamp":"2025-07-28T16:45:16.390298","level":"info","event":"DVC version: 3.61.0","logger":"airflow.utils.log.logging_mixin.LoggingMixin"}
{"timestamp":"2025-07-28T16:45:16.391112","level":"info","event":"Changing to directory: /mnt/project/4-Data","logger":"airflow.utils.log.logging_mixin.LoggingMixin"}
{"timestamp":"2025-07-28T16:45:26.085883","level":"error","event":"DVC pull failed with return code 1","logger":"airflow.utils.log.logging_mixin.LoggingMixin"}
{"timestamp":"2025-07-28T16:45:26.086011","level":"error","event":"stdout: ","logger":"airflow.utils.log.logging_mixin.LoggingMixin"}
{"timestamp":"2025-07-28T16:45:26.086066","level":"error","event":"stderr: ERROR: failed to pull data from the cloud - Unable to acquire lock. Most likely another DVC process is running or was terminated abruptly. Check the page <https://dvc.org/doc/user-guide/troubleshooting#lock-issue> for other possible reasons and to learn how to resolve this.\n","logger":"airflow.utils.log.logging_mixin.LoggingMixin"}
{"timestamp":"2025-07-28T16:45:26.086248","level":"error","event":"Task failed with exception","logger":"task","error_detail":[{"exc_type":"CalledProcessError","exc_value":"Command '['dvc', 'pull']' returned non-zero exit status 1.","exc_notes":[],"syntax_error":null,"is_cause":false,"frames":[{"filename":"/home/airflow/.local/lib/python3.12/site-packages/airflow/sdk/execution_time/task_runner.py","lineno":877,"name":"run"},{"filename":"/home/airflow/.local/lib/python3.12/site-packages/airflow/sdk/execution_time/task_runner.py","lineno":1159,"name":"_execute_task"},{"filename":"/home/airflow/.local/lib/python3.12/site-packages/airflow/sdk/bases/operator.py","lineno":397,"name":"wrapper"},{"filename":"/home/airflow/.local/lib/python3.12/site-packages/airflow/sdk/bases/decorator.py","lineno":251,"name":"execute"},{"filename":"/home/airflow/.local/lib/python3.12/site-packages/airflow/sdk/bases/operator.py","lineno":397,"name":"wrapper"},{"filename":"/home/airflow/.local/lib/python3.12/site-packages/airflow/providers/standard/operators/python.py","lineno":217,"name":"execute"},{"filename":"/home/airflow/.local/lib/python3.12/site-packages/airflow/providers/standard/operators/python.py","lineno":240,"name":"execute_callable"},{"filename":"/home/airflow/.local/lib/python3.12/site-packages/airflow/sdk/execution_time/callback_runner.py","lineno":81,"name":"run"},{"filename":"/opt/airflow/dags/fraud_pipeline_dag.py","lineno":33,"name":"pull_data"},{"filename":"/usr/local/lib/python3.12/subprocess.py","lineno":571,"name":"run"}],"is_group":false,"exceptions":[]}]}
{"timestamp":"2025-07-28T16:45:27.081941Z","level":"info","event":"Task instance in failure state","chan":"stdout","logger":"task"}
{"timestamp":"2025-07-28T16:45:27.082490Z","level":"info","event":"Task start","chan":"stdout","logger":"task"}
{"timestamp":"2025-07-28T16:45:27.082813Z","level":"info","event":"Task:<Task(_PythonDecoratedOperator): pull_data>","chan":"stdout","logger":"task"}
{"timestamp":"2025-07-28T16:45:27.083158Z","level":"info","event":"Failure caused by Command '['dvc', 'pull']' returned non-zero exit status 1.","chan":"stdout","logger":"task"}
{"timestamp":"2025-07-28T17:45:32.323543","level":"info","event":"DAG bundles loaded: dags-folder, example_dags","logger":"airflow.dag_processing.bundles.manager.DagBundlesManager"}
{"timestamp":"2025-07-28T17:45:32.354870","level":"info","event":"Filling up the DagBag from /opt/airflow/dags/fraud_pipeline_dag.py","logger":"airflow.models.dagbag.DagBag"}
{"timestamp":"2025-07-28T17:45:32.616251","level":"warning","event":"/home/airflow/.local/lib/python3.12/site-packages/airflow/models/baseoperator.py:293: UserWarning: The SLA feature is removed in Airflow 3.0, to be replaced with a new implementation in >=3.1\n  super().__init__(**kwargs)\n","logger":"py.warnings"}
{"timestamp":"2025-07-28T17:45:34.221582Z","level":"info","event":"Task instance is in running state","chan":"stdout","logger":"task"}
{"timestamp":"2025-07-28T17:45:34.222364Z","level":"info","event":" Previous state of the Task instance: TaskInstanceState.QUEUED","chan":"stdout","logger":"task"}
{"timestamp":"2025-07-28T17:45:34.222650Z","level":"info","event":"Current task name:pull_data","chan":"stdout","logger":"task"}
{"timestamp":"2025-07-28T17:45:34.223066Z","level":"info","event":"Dag name:fraud_detection_pipeline","chan":"stdout","logger":"task"}
{"timestamp":"2025-07-28T17:45:34.228383","level":"info","event":"Starting DVC pull task...","logger":"airflow.utils.log.logging_mixin.LoggingMixin"}
{"timestamp":"2025-07-28T17:45:34.256825","level":"info","event":"Current working directory: /opt/airflow","logger":"airflow.utils.log.logging_mixin.LoggingMixin"}
{"timestamp":"2025-07-28T17:45:35.613915","level":"info","event":"DVC version: 3.61.0","logger":"airflow.utils.log.logging_mixin.LoggingMixin"}
{"timestamp":"2025-07-28T17:45:35.614559","level":"info","event":"Changing to directory: /mnt/project/4-Data","logger":"airflow.utils.log.logging_mixin.LoggingMixin"}
{"timestamp":"2025-07-28T17:45:43.295195","level":"info","event":"DVC pull successful: M       ../5-MLFlow_Training/model.joblib\nM       dataset.csv\n2 files modified\n","logger":"airflow.utils.log.logging_mixin.LoggingMixin"}
{"timestamp":"2025-07-28T17:45:43.295651","level":"info","event":"Done. Returned value was: Data pulled successfully","logger":"airflow.task.operators.airflow.providers.standard.decorators.python._PythonDecoratedOperator"}
{"timestamp":"2025-07-28T17:45:43.296009","level":"info","event":"Pushing xcom","ti":"RuntimeTaskInstance(id=UUID('01985223-373d-73c8-8574-cca0299698a6'), task_id='pull_data', dag_id='fraud_detection_pipeline', run_id='scheduled__2025-07-28T00:00:00+00:00', try_number=1, map_index=-1, hostname='e1c44b098f53', context_carrier={}, task=<Task(_PythonDecoratedOperator): pull_data>, bundle_instance=LocalDagBundle(name=dags-folder), max_tries=1, start_date=datetime.datetime(2025, 7, 28, 17, 45, 5, 926704, tzinfo=datetime.timezone.utc), end_date=None, state=<TaskInstanceState.RUNNING: 'running'>, is_mapped=False, rendered_map_index=None, log_url='http://localhost:8080/dags/fraud_detection_pipeline/runs/scheduled__2025-07-28T00%3A00%3A00%2B00%3A00/tasks/pull_data?try_number=1')","logger":"task"}
{"timestamp":"2025-07-28T17:45:43.479055Z","level":"info","event":"Task instance in success state","chan":"stdout","logger":"task"}
{"timestamp":"2025-07-28T17:45:43.481735Z","level":"info","event":" Previous state of the Task instance: TaskInstanceState.RUNNING","chan":"stdout","logger":"task"}
{"timestamp":"2025-07-28T17:45:43.482177Z","level":"info","event":"Task operator:<Task(_PythonDecoratedOperator): pull_data>","chan":"stdout","logger":"task"}
{"timestamp":"2025-07-28T17:59:28.188667","level":"info","event":"DAG bundles loaded: dags-folder, example_dags","logger":"airflow.dag_processing.bundles.manager.DagBundlesManager"}
{"timestamp":"2025-07-28T17:59:28.190184","level":"info","event":"Filling up the DagBag from /opt/airflow/dags/fraud_pipeline_dag.py","logger":"airflow.models.dagbag.DagBag"}
{"timestamp":"2025-07-28T17:59:28.368318","level":"warning","event":"/home/airflow/.local/lib/python3.12/site-packages/airflow/models/baseoperator.py:293: UserWarning: The SLA feature is removed in Airflow 3.0, to be replaced with a new implementation in >=3.1\n  super().__init__(**kwargs)\n","logger":"py.warnings"}
{"timestamp":"2025-07-28T17:59:28.544384Z","level":"info","event":"Task instance is in running state","chan":"stdout","logger":"task"}
{"timestamp":"2025-07-28T17:59:28.544843Z","level":"info","event":" Previous state of the Task instance: TaskInstanceState.QUEUED","chan":"stdout","logger":"task"}
{"timestamp":"2025-07-28T17:59:28.545146Z","level":"info","event":"Current task name:pull_data","chan":"stdout","logger":"task"}
{"timestamp":"2025-07-28T17:59:28.545405Z","level":"info","event":"Dag name:fraud_detection_pipeline","chan":"stdout","logger":"task"}
{"timestamp":"2025-07-28T17:59:28.543337","level":"info","event":"Starting DVC pull task...","logger":"airflow.utils.log.logging_mixin.LoggingMixin"}
{"timestamp":"2025-07-28T17:59:28.551312","level":"info","event":"Current working directory: /opt/airflow","logger":"airflow.utils.log.logging_mixin.LoggingMixin"}
{"timestamp":"2025-07-28T17:59:31.332051","level":"info","event":"DVC version: 3.61.0","logger":"airflow.utils.log.logging_mixin.LoggingMixin"}
{"timestamp":"2025-07-28T17:59:31.334143","level":"info","event":"Changing to directory: /mnt/project/4-Data","logger":"airflow.utils.log.logging_mixin.LoggingMixin"}
{"timestamp":"2025-07-28T17:59:48.681588","level":"info","event":"DVC pull successful: M       ../5-MLFlow_Training/model.joblib\nM       dataset.csv\n2 files modified\n","logger":"airflow.utils.log.logging_mixin.LoggingMixin"}
{"timestamp":"2025-07-28T17:59:48.682150","level":"info","event":"Done. Returned value was: Data pulled successfully","logger":"airflow.task.operators.airflow.providers.standard.decorators.python._PythonDecoratedOperator"}
{"timestamp":"2025-07-28T17:59:48.682876","level":"info","event":"Pushing xcom","ti":"RuntimeTaskInstance(id=UUID('01985230-59a1-74c1-af5b-0f8dd7f85ef3'), task_id='pull_data', dag_id='fraud_detection_pipeline', run_id='scheduled__2025-07-28T00:00:00+00:00', try_number=1, map_index=-1, hostname='c9560118b1bc', context_carrier={}, task=<Task(_PythonDecoratedOperator): pull_data>, bundle_instance=LocalDagBundle(name=dags-folder), max_tries=1, start_date=datetime.datetime(2025, 7, 28, 17, 59, 19, 924428, tzinfo=datetime.timezone.utc), end_date=None, state=<TaskInstanceState.RUNNING: 'running'>, is_mapped=False, rendered_map_index=None, log_url='http://localhost:8080/dags/fraud_detection_pipeline/runs/scheduled__2025-07-28T00%3A00%3A00%2B00%3A00/tasks/pull_data?try_number=1')","logger":"task"}
{"timestamp":"2025-07-28T17:59:48.802004Z","level":"info","event":"Task instance in success state","chan":"stdout","logger":"task"}
{"timestamp":"2025-07-28T17:59:48.802474Z","level":"info","event":" Previous state of the Task instance: TaskInstanceState.RUNNING","chan":"stdout","logger":"task"}
{"timestamp":"2025-07-28T17:59:48.803119Z","level":"info","event":"Task operator:<Task(_PythonDecoratedOperator): pull_data>","chan":"stdout","logger":"task"}
