{"timestamp":"2025-07-28T14:59:32.132861","level":"info","event":"DAG bundles loaded: dags-folder, example_dags","logger":"airflow.dag_processing.bundles.manager.DagBundlesManager"}
{"timestamp":"2025-07-28T14:59:32.158021","level":"info","event":"Filling up the DagBag from /opt/airflow/dags/fraud_pipeline_dag.py","logger":"airflow.models.dagbag.DagBag"}
{"timestamp":"2025-07-28T14:59:32.223529","level":"warning","event":"/home/airflow/.local/lib/python3.12/site-packages/airflow/models/baseoperator.py:293: UserWarning: The SLA feature is removed in Airflow 3.0, to be replaced with a new implementation in >=3.1\n  super().__init__(**kwargs)\n","logger":"py.warnings"}
{"timestamp":"2025-07-28T14:59:32.311139Z","level":"info","event":"Task instance is in running state","chan":"stdout","logger":"task"}
{"timestamp":"2025-07-28T14:59:32.311825Z","level":"info","event":" Previous state of the Task instance: TaskInstanceState.QUEUED","chan":"stdout","logger":"task"}
{"timestamp":"2025-07-28T14:59:32.312292Z","level":"info","event":"Current task name:run_training","chan":"stdout","logger":"task"}
{"timestamp":"2025-07-28T14:59:32.312620Z","level":"info","event":"Dag name:fraud_detection_pipeline","chan":"stdout","logger":"task"}
{"timestamp":"2025-07-28T14:59:32.315653","level":"info","event":"Starting training task...","logger":"airflow.utils.log.logging_mixin.LoggingMixin"}
{"timestamp":"2025-07-28T14:59:32.325818","level":"info","event":"Running training in directory: /opt/airflow/5-MLFlow_Training","logger":"airflow.utils.log.logging_mixin.LoggingMixin"}
{"timestamp":"2025-07-28T14:59:51.801005","level":"error","event":"Training failed with return code 1","logger":"airflow.utils.log.logging_mixin.LoggingMixin"}
{"timestamp":"2025-07-28T14:59:51.801135","level":"error","event":"stdout: Username: sarveshchezhian2003\nToken: f27828bd8c2bdb2a4d3ed94d345f183288474868\n","logger":"airflow.utils.log.logging_mixin.LoggingMixin"}
{"timestamp":"2025-07-28T14:59:51.801193","level":"error","event":"stderr: Traceback (most recent call last):\n  File \"/opt/airflow/5-MLFlow_Training/train.py\", line 22, in <module>\n    init(repo_owner='sarveshchezhian2003', repo_name='Fraud-Detection-System', mlflow=True, token=token)\nTypeError: init() got an unexpected keyword argument 'token'\n","logger":"airflow.utils.log.logging_mixin.LoggingMixin"}
{"timestamp":"2025-07-28T14:59:51.802456","level":"error","event":"Task failed with exception","logger":"task","error_detail":[{"exc_type":"CalledProcessError","exc_value":"Command '['python3', 'train.py']' returned non-zero exit status 1.","exc_notes":[],"syntax_error":null,"is_cause":false,"frames":[{"filename":"/home/airflow/.local/lib/python3.12/site-packages/airflow/sdk/execution_time/task_runner.py","lineno":877,"name":"run"},{"filename":"/home/airflow/.local/lib/python3.12/site-packages/airflow/sdk/execution_time/task_runner.py","lineno":1159,"name":"_execute_task"},{"filename":"/home/airflow/.local/lib/python3.12/site-packages/airflow/sdk/bases/operator.py","lineno":397,"name":"wrapper"},{"filename":"/home/airflow/.local/lib/python3.12/site-packages/airflow/sdk/bases/decorator.py","lineno":251,"name":"execute"},{"filename":"/home/airflow/.local/lib/python3.12/site-packages/airflow/sdk/bases/operator.py","lineno":397,"name":"wrapper"},{"filename":"/home/airflow/.local/lib/python3.12/site-packages/airflow/providers/standard/operators/python.py","lineno":217,"name":"execute"},{"filename":"/home/airflow/.local/lib/python3.12/site-packages/airflow/providers/standard/operators/python.py","lineno":240,"name":"execute_callable"},{"filename":"/home/airflow/.local/lib/python3.12/site-packages/airflow/sdk/execution_time/callback_runner.py","lineno":81,"name":"run"},{"filename":"/opt/airflow/dags/fraud_pipeline_dag.py","lineno":75,"name":"run_training"},{"filename":"/usr/local/lib/python3.12/subprocess.py","lineno":571,"name":"run"}],"is_group":false,"exceptions":[]}]}
{"timestamp":"2025-07-28T14:59:51.991645Z","level":"info","event":"Task instance in failure state","chan":"stdout","logger":"task"}
{"timestamp":"2025-07-28T14:59:51.992120Z","level":"info","event":"Task start","chan":"stdout","logger":"task"}
{"timestamp":"2025-07-28T14:59:51.992741Z","level":"info","event":"Task:<Task(_PythonDecoratedOperator): run_training>","chan":"stdout","logger":"task"}
{"timestamp":"2025-07-28T14:59:51.993053Z","level":"info","event":"Failure caused by Command '['python3', 'train.py']' returned non-zero exit status 1.","chan":"stdout","logger":"task"}
{"timestamp":"2025-07-28T16:27:37.980030","level":"info","event":"DAG bundles loaded: dags-folder, example_dags","logger":"airflow.dag_processing.bundles.manager.DagBundlesManager"}
{"timestamp":"2025-07-28T16:27:37.991508","level":"info","event":"Filling up the DagBag from /opt/airflow/dags/fraud_pipeline_dag.py","logger":"airflow.models.dagbag.DagBag"}
{"timestamp":"2025-07-28T16:27:38.022534","level":"warning","event":"/home/airflow/.local/lib/python3.12/site-packages/airflow/models/baseoperator.py:293: UserWarning: The SLA feature is removed in Airflow 3.0, to be replaced with a new implementation in >=3.1\n  super().__init__(**kwargs)\n","logger":"py.warnings"}
{"timestamp":"2025-07-28T16:27:38.050143Z","level":"info","event":"Task instance is in running state","chan":"stdout","logger":"task"}
{"timestamp":"2025-07-28T16:27:38.059426Z","level":"info","event":" Previous state of the Task instance: TaskInstanceState.QUEUED","chan":"stdout","logger":"task"}
{"timestamp":"2025-07-28T16:27:38.060155Z","level":"info","event":"Current task name:run_training","chan":"stdout","logger":"task"}
{"timestamp":"2025-07-28T16:27:38.064132Z","level":"info","event":"Dag name:fraud_detection_pipeline","chan":"stdout","logger":"task"}
{"timestamp":"2025-07-28T16:27:38.065943","level":"info","event":"Starting training task...","logger":"airflow.utils.log.logging_mixin.LoggingMixin"}
{"timestamp":"2025-07-28T16:27:38.069911","level":"error","event":"Training script not found: /mnt/project/5-MLFlow_Training/train.py","logger":"airflow.utils.log.logging_mixin.LoggingMixin"}
{"timestamp":"2025-07-28T16:27:38.070341","level":"error","event":"Task failed with exception","logger":"task","error_detail":[{"exc_type":"FileNotFoundError","exc_value":"Training script /mnt/project/5-MLFlow_Training/train.py not found","exc_notes":[],"syntax_error":null,"is_cause":false,"frames":[{"filename":"/home/airflow/.local/lib/python3.12/site-packages/airflow/sdk/execution_time/task_runner.py","lineno":877,"name":"run"},{"filename":"/home/airflow/.local/lib/python3.12/site-packages/airflow/sdk/execution_time/task_runner.py","lineno":1159,"name":"_execute_task"},{"filename":"/home/airflow/.local/lib/python3.12/site-packages/airflow/sdk/bases/operator.py","lineno":397,"name":"wrapper"},{"filename":"/home/airflow/.local/lib/python3.12/site-packages/airflow/sdk/bases/decorator.py","lineno":251,"name":"execute"},{"filename":"/home/airflow/.local/lib/python3.12/site-packages/airflow/sdk/bases/operator.py","lineno":397,"name":"wrapper"},{"filename":"/home/airflow/.local/lib/python3.12/site-packages/airflow/providers/standard/operators/python.py","lineno":217,"name":"execute"},{"filename":"/home/airflow/.local/lib/python3.12/site-packages/airflow/providers/standard/operators/python.py","lineno":240,"name":"execute_callable"},{"filename":"/home/airflow/.local/lib/python3.12/site-packages/airflow/sdk/execution_time/callback_runner.py","lineno":81,"name":"run"},{"filename":"/opt/airflow/dags/fraud_pipeline_dag.py","lineno":71,"name":"run_training"}],"is_group":false,"exceptions":[]}]}
{"timestamp":"2025-07-28T16:27:38.160860Z","level":"info","event":"Task instance in failure state","chan":"stdout","logger":"task"}
{"timestamp":"2025-07-28T16:27:38.162988Z","level":"info","event":"Task start","chan":"stdout","logger":"task"}
{"timestamp":"2025-07-28T16:27:38.166209Z","level":"info","event":"Task:<Task(_PythonDecoratedOperator): run_training>","chan":"stdout","logger":"task"}
{"timestamp":"2025-07-28T16:27:38.166945Z","level":"info","event":"Failure caused by Training script /mnt/project/5-MLFlow_Training/train.py not found","chan":"stdout","logger":"task"}
{"timestamp":"2025-07-28T17:45:48.613265","level":"info","event":"DAG bundles loaded: dags-folder, example_dags","logger":"airflow.dag_processing.bundles.manager.DagBundlesManager"}
{"timestamp":"2025-07-28T17:45:48.638713","level":"info","event":"Filling up the DagBag from /opt/airflow/dags/fraud_pipeline_dag.py","logger":"airflow.models.dagbag.DagBag"}
{"timestamp":"2025-07-28T17:45:48.794156","level":"warning","event":"/home/airflow/.local/lib/python3.12/site-packages/airflow/models/baseoperator.py:293: UserWarning: The SLA feature is removed in Airflow 3.0, to be replaced with a new implementation in >=3.1\n  super().__init__(**kwargs)\n","logger":"py.warnings"}
{"timestamp":"2025-07-28T17:45:49.047625Z","level":"info","event":"Task instance is in running state","chan":"stdout","logger":"task"}
{"timestamp":"2025-07-28T17:45:49.049600Z","level":"info","event":" Previous state of the Task instance: TaskInstanceState.QUEUED","chan":"stdout","logger":"task"}
{"timestamp":"2025-07-28T17:45:49.049977Z","level":"info","event":"Current task name:run_training","chan":"stdout","logger":"task"}
{"timestamp":"2025-07-28T17:45:49.050308Z","level":"info","event":"Dag name:fraud_detection_pipeline","chan":"stdout","logger":"task"}
{"timestamp":"2025-07-28T17:45:49.049469","level":"info","event":"Starting training task...","logger":"airflow.utils.log.logging_mixin.LoggingMixin"}
{"timestamp":"2025-07-28T17:45:49.057032","level":"info","event":"Running training in directory: /mnt/project/5-MLFlow_Training","logger":"airflow.utils.log.logging_mixin.LoggingMixin"}
{"timestamp":"2025-07-28T17:46:18.112463","level":"error","event":"Training failed with return code 1","logger":"airflow.utils.log.logging_mixin.LoggingMixin"}
{"timestamp":"2025-07-28T17:46:18.112590","level":"error","event":"stdout: Username: sarveshchezhian2003\nToken: f27828bd8c2bdb2a4d3ed94d345f183288474868\n","logger":"airflow.utils.log.logging_mixin.LoggingMixin"}
{"timestamp":"2025-07-28T17:46:18.112647","level":"error","event":"stderr: Traceback (most recent call last):\n  File \"/mnt/project/5-MLFlow_Training/train.py\", line 22, in <module>\n    init(repo_owner='sarveshchezhian2003', repo_name='Fraud-Detection-System', mlflow=True, token=token)\nTypeError: init() got an unexpected keyword argument 'token'\n","logger":"airflow.utils.log.logging_mixin.LoggingMixin"}
{"timestamp":"2025-07-28T17:46:18.113041","level":"error","event":"Task failed with exception","logger":"task","error_detail":[{"exc_type":"CalledProcessError","exc_value":"Command '['python3', 'train.py']' returned non-zero exit status 1.","exc_notes":[],"syntax_error":null,"is_cause":false,"frames":[{"filename":"/home/airflow/.local/lib/python3.12/site-packages/airflow/sdk/execution_time/task_runner.py","lineno":877,"name":"run"},{"filename":"/home/airflow/.local/lib/python3.12/site-packages/airflow/sdk/execution_time/task_runner.py","lineno":1159,"name":"_execute_task"},{"filename":"/home/airflow/.local/lib/python3.12/site-packages/airflow/sdk/bases/operator.py","lineno":397,"name":"wrapper"},{"filename":"/home/airflow/.local/lib/python3.12/site-packages/airflow/sdk/bases/decorator.py","lineno":251,"name":"execute"},{"filename":"/home/airflow/.local/lib/python3.12/site-packages/airflow/sdk/bases/operator.py","lineno":397,"name":"wrapper"},{"filename":"/home/airflow/.local/lib/python3.12/site-packages/airflow/providers/standard/operators/python.py","lineno":217,"name":"execute"},{"filename":"/home/airflow/.local/lib/python3.12/site-packages/airflow/providers/standard/operators/python.py","lineno":240,"name":"execute_callable"},{"filename":"/home/airflow/.local/lib/python3.12/site-packages/airflow/sdk/execution_time/callback_runner.py","lineno":81,"name":"run"},{"filename":"/opt/airflow/dags/fraud_pipeline_dag.py","lineno":76,"name":"run_training"},{"filename":"/usr/local/lib/python3.12/subprocess.py","lineno":571,"name":"run"}],"is_group":false,"exceptions":[]}]}
{"timestamp":"2025-07-28T17:46:18.242733Z","level":"info","event":"Task instance in failure state","chan":"stdout","logger":"task"}
{"timestamp":"2025-07-28T17:46:18.243357Z","level":"info","event":"Task start","chan":"stdout","logger":"task"}
{"timestamp":"2025-07-28T17:46:18.243733Z","level":"info","event":"Task:<Task(_PythonDecoratedOperator): run_training>","chan":"stdout","logger":"task"}
{"timestamp":"2025-07-28T17:46:18.244044Z","level":"info","event":"Failure caused by Command '['python3', 'train.py']' returned non-zero exit status 1.","chan":"stdout","logger":"task"}
{"timestamp":"2025-07-28T17:59:50.656585","level":"info","event":"DAG bundles loaded: dags-folder, example_dags","logger":"airflow.dag_processing.bundles.manager.DagBundlesManager"}
{"timestamp":"2025-07-28T17:59:50.657766","level":"info","event":"Filling up the DagBag from /opt/airflow/dags/fraud_pipeline_dag.py","logger":"airflow.models.dagbag.DagBag"}
{"timestamp":"2025-07-28T17:59:50.696893","level":"warning","event":"/home/airflow/.local/lib/python3.12/site-packages/airflow/models/baseoperator.py:293: UserWarning: The SLA feature is removed in Airflow 3.0, to be replaced with a new implementation in >=3.1\n  super().__init__(**kwargs)\n","logger":"py.warnings"}
{"timestamp":"2025-07-28T17:59:51.164596Z","level":"info","event":"Task instance is in running state","chan":"stdout","logger":"task"}
{"timestamp":"2025-07-28T17:59:51.165641Z","level":"info","event":" Previous state of the Task instance: TaskInstanceState.QUEUED","chan":"stdout","logger":"task"}
{"timestamp":"2025-07-28T17:59:51.167644Z","level":"info","event":"Current task name:run_training","chan":"stdout","logger":"task"}
{"timestamp":"2025-07-28T17:59:51.168327Z","level":"info","event":"Dag name:fraud_detection_pipeline","chan":"stdout","logger":"task"}
{"timestamp":"2025-07-28T17:59:51.177395","level":"info","event":"Starting training task...","logger":"airflow.utils.log.logging_mixin.LoggingMixin"}
{"timestamp":"2025-07-28T17:59:51.186604","level":"info","event":"Running training in directory: /mnt/project/5-MLFlow_Training","logger":"airflow.utils.log.logging_mixin.LoggingMixin"}
{"timestamp":"2025-07-28T18:00:02.401914","level":"error","event":"Training failed with return code 1","logger":"airflow.utils.log.logging_mixin.LoggingMixin"}
{"timestamp":"2025-07-28T18:00:02.402150","level":"error","event":"stdout: Username: sarveshchezhian2003\nToken: f27828bd8c2bdb2a4d3ed94d345f183288474868\nAccessing as sarveshchezhian2003\nInitialized MLflow to track repo \"sarveshchezhian2003/Fraud-Detection-System\"\nRepository sarveshchezhian2003/Fraud-Detection-System initialized!\n","logger":"airflow.utils.log.logging_mixin.LoggingMixin"}
{"timestamp":"2025-07-28T18:00:02.402241","level":"error","event":"stderr: Traceback (most recent call last):\n  File \"/mnt/project/5-MLFlow_Training/train.py\", line 34, in <module>\n    df = pd.read_csv(\"/opt/airflow/4-Data/dataset.csv\")\n         ^^^^^^^^^^^^^^^^^^^^^^^^^^^^^^^^^^^^^^^^^^^^^^\n  File \"/home/airflow/.local/lib/python3.12/site-packages/pandas/io/parsers/readers.py\", line 1026, in read_csv\n    return _read(filepath_or_buffer, kwds)\n           ^^^^^^^^^^^^^^^^^^^^^^^^^^^^^^^\n  File \"/home/airflow/.local/lib/python3.12/site-packages/pandas/io/parsers/readers.py\", line 620, in _read\n    parser = TextFileReader(filepath_or_buffer, **kwds)\n             ^^^^^^^^^^^^^^^^^^^^^^^^^^^^^^^^^^^^^^^^^^\n  File \"/home/airflow/.local/lib/python3.12/site-packages/pandas/io/parsers/readers.py\", line 1620, in __init__\n    self._engine = self._make_engine(f, self.engine)\n                   ^^^^^^^^^^^^^^^^^^^^^^^^^^^^^^^^^\n  File \"/home/airflow/.local/lib/python3.12/site-packages/pandas/io/parsers/readers.py\", line 1880, in _make_engine\n    self.handles = get_handle(\n                   ^^^^^^^^^^^\n  File \"/home/airflow/.local/lib/python3.12/site-packages/pandas/io/common.py\", line 873, in get_handle\n    handle = open(\n             ^^^^^\nFileNotFoundError: [Errno 2] No such file or directory: '/opt/airflow/4-Data/dataset.csv'\n","logger":"airflow.utils.log.logging_mixin.LoggingMixin"}
{"timestamp":"2025-07-28T18:00:02.402458","level":"error","event":"Task failed with exception","logger":"task","error_detail":[{"exc_type":"CalledProcessError","exc_value":"Command '['python3', 'train.py']' returned non-zero exit status 1.","exc_notes":[],"syntax_error":null,"is_cause":false,"frames":[{"filename":"/home/airflow/.local/lib/python3.12/site-packages/airflow/sdk/execution_time/task_runner.py","lineno":877,"name":"run"},{"filename":"/home/airflow/.local/lib/python3.12/site-packages/airflow/sdk/execution_time/task_runner.py","lineno":1159,"name":"_execute_task"},{"filename":"/home/airflow/.local/lib/python3.12/site-packages/airflow/sdk/bases/operator.py","lineno":397,"name":"wrapper"},{"filename":"/home/airflow/.local/lib/python3.12/site-packages/airflow/sdk/bases/decorator.py","lineno":251,"name":"execute"},{"filename":"/home/airflow/.local/lib/python3.12/site-packages/airflow/sdk/bases/operator.py","lineno":397,"name":"wrapper"},{"filename":"/home/airflow/.local/lib/python3.12/site-packages/airflow/providers/standard/operators/python.py","lineno":217,"name":"execute"},{"filename":"/home/airflow/.local/lib/python3.12/site-packages/airflow/providers/standard/operators/python.py","lineno":240,"name":"execute_callable"},{"filename":"/home/airflow/.local/lib/python3.12/site-packages/airflow/sdk/execution_time/callback_runner.py","lineno":81,"name":"run"},{"filename":"/opt/airflow/dags/fraud_pipeline_dag.py","lineno":76,"name":"run_training"},{"filename":"/usr/local/lib/python3.12/subprocess.py","lineno":571,"name":"run"}],"is_group":false,"exceptions":[]}]}
{"timestamp":"2025-07-28T18:00:02.501256Z","level":"info","event":"Task instance in failure state","chan":"stdout","logger":"task"}
{"timestamp":"2025-07-28T18:00:02.501646Z","level":"info","event":"Task start","chan":"stdout","logger":"task"}
{"timestamp":"2025-07-28T18:00:02.501937Z","level":"info","event":"Task:<Task(_PythonDecoratedOperator): run_training>","chan":"stdout","logger":"task"}
{"timestamp":"2025-07-28T18:00:02.502207Z","level":"info","event":"Failure caused by Command '['python3', 'train.py']' returned non-zero exit status 1.","chan":"stdout","logger":"task"}
